// Jest Snapshot v1, https://goo.gl/fbAQLP

exports[`"StoreDetails" component Should render "StoreDetail" component correctly 1`] = `
ShallowWrapper {
  Symbol(enzyme.__root__): [Circular],
  Symbol(enzyme.__unrendered__): <StoreDetails
    store={
        Object {
            "brandName": "RANDOM BRAND",
            "email": "store@email.address",
            "name": "LETSBY AVENUE",
            "phone": "020 999 8888",
            "storeNumber": "XX9999",
          }
    }
/>,
  Symbol(enzyme.__renderer__): Object {
    "batchedUpdates": [Function],
    "getNode": [Function],
    "render": [Function],
    "simulateError": [Function],
    "simulateEvent": [Function],
    "unmount": [Function],
  },
  Symbol(enzyme.__node__): Object {
    "instance": null,
    "key": undefined,
    "nodeType": "host",
    "props": Object {
      "children": Array [
        <div
          id="storeNumber"
>
          XX9999
</div>,
        <div
          id="brandName"
>
          RANDOM BRAND
</div>,
        <div
          id="storeName"
>
          LETSBY AVENUE
</div>,
        <div
          className="margin-top-5"
>
          <div
                    id="storeEmail"
          >
                    <span
                              className="icon mail"
                    />
                    store@email.address
          </div>
          <div
                    id="storePhone"
          >
                    <span
                              className="icon phone"
                    />
                    020 999 8888
          </div>
</div>,
      ],
      "className": "store-details",
    },
    "ref": null,
    "rendered": Array [
      Object {
        "instance": null,
        "key": undefined,
        "nodeType": "host",
        "props": Object {
          "children": "XX9999",
          "id": "storeNumber",
        },
        "ref": null,
        "rendered": "XX9999",
        "type": "div",
      },
      Object {
        "instance": null,
        "key": undefined,
        "nodeType": "host",
        "props": Object {
          "children": "RANDOM BRAND",
          "id": "brandName",
        },
        "ref": null,
        "rendered": "RANDOM BRAND",
        "type": "div",
      },
      Object {
        "instance": null,
        "key": undefined,
        "nodeType": "host",
        "props": Object {
          "children": "LETSBY AVENUE",
          "id": "storeName",
        },
        "ref": null,
        "rendered": "LETSBY AVENUE",
        "type": "div",
      },
      Object {
        "instance": null,
        "key": undefined,
        "nodeType": "host",
        "props": Object {
          "children": Array [
            <div
              id="storeEmail"
>
              <span
                            className="icon mail"
              />
              store@email.address
</div>,
            <div
              id="storePhone"
>
              <span
                            className="icon phone"
              />
              020 999 8888
</div>,
          ],
          "className": "margin-top-5",
        },
        "ref": null,
        "rendered": Array [
          Object {
            "instance": null,
            "key": undefined,
            "nodeType": "host",
            "props": Object {
              "children": Array [
                <span
                  className="icon mail"
/>,
                "store@email.address",
              ],
              "id": "storeEmail",
            },
            "ref": null,
            "rendered": Array [
              Object {
                "instance": null,
                "key": undefined,
                "nodeType": "host",
                "props": Object {
                  "className": "icon mail",
                },
                "ref": null,
                "rendered": null,
                "type": "span",
              },
              "store@email.address",
            ],
            "type": "div",
          },
          Object {
            "instance": null,
            "key": undefined,
            "nodeType": "host",
            "props": Object {
              "children": Array [
                <span
                  className="icon phone"
/>,
                "020 999 8888",
              ],
              "id": "storePhone",
            },
            "ref": null,
            "rendered": Array [
              Object {
                "instance": null,
                "key": undefined,
                "nodeType": "host",
                "props": Object {
                  "className": "icon phone",
                },
                "ref": null,
                "rendered": null,
                "type": "span",
              },
              "020 999 8888",
            ],
            "type": "div",
          },
        ],
        "type": "div",
      },
    ],
    "type": "div",
  },
  Symbol(enzyme.__nodes__): Array [
    Object {
      "instance": null,
      "key": undefined,
      "nodeType": "host",
      "props": Object {
        "children": Array [
          <div
            id="storeNumber"
>
            XX9999
</div>,
          <div
            id="brandName"
>
            RANDOM BRAND
</div>,
          <div
            id="storeName"
>
            LETSBY AVENUE
</div>,
          <div
            className="margin-top-5"
>
            <div
                        id="storeEmail"
            >
                        <span
                                    className="icon mail"
                        />
                        store@email.address
            </div>
            <div
                        id="storePhone"
            >
                        <span
                                    className="icon phone"
                        />
                        020 999 8888
            </div>
</div>,
        ],
        "className": "store-details",
      },
      "ref": null,
      "rendered": Array [
        Object {
          "instance": null,
          "key": undefined,
          "nodeType": "host",
          "props": Object {
            "children": "XX9999",
            "id": "storeNumber",
          },
          "ref": null,
          "rendered": "XX9999",
          "type": "div",
        },
        Object {
          "instance": null,
          "key": undefined,
          "nodeType": "host",
          "props": Object {
            "children": "RANDOM BRAND",
            "id": "brandName",
          },
          "ref": null,
          "rendered": "RANDOM BRAND",
          "type": "div",
        },
        Object {
          "instance": null,
          "key": undefined,
          "nodeType": "host",
          "props": Object {
            "children": "LETSBY AVENUE",
            "id": "storeName",
          },
          "ref": null,
          "rendered": "LETSBY AVENUE",
          "type": "div",
        },
        Object {
          "instance": null,
          "key": undefined,
          "nodeType": "host",
          "props": Object {
            "children": Array [
              <div
                id="storeEmail"
>
                <span
                                className="icon mail"
                />
                store@email.address
</div>,
              <div
                id="storePhone"
>
                <span
                                className="icon phone"
                />
                020 999 8888
</div>,
            ],
            "className": "margin-top-5",
          },
          "ref": null,
          "rendered": Array [
            Object {
              "instance": null,
              "key": undefined,
              "nodeType": "host",
              "props": Object {
                "children": Array [
                  <span
                    className="icon mail"
/>,
                  "store@email.address",
                ],
                "id": "storeEmail",
              },
              "ref": null,
              "rendered": Array [
                Object {
                  "instance": null,
                  "key": undefined,
                  "nodeType": "host",
                  "props": Object {
                    "className": "icon mail",
                  },
                  "ref": null,
                  "rendered": null,
                  "type": "span",
                },
                "store@email.address",
              ],
              "type": "div",
            },
            Object {
              "instance": null,
              "key": undefined,
              "nodeType": "host",
              "props": Object {
                "children": Array [
                  <span
                    className="icon phone"
/>,
                  "020 999 8888",
                ],
                "id": "storePhone",
              },
              "ref": null,
              "rendered": Array [
                Object {
                  "instance": null,
                  "key": undefined,
                  "nodeType": "host",
                  "props": Object {
                    "className": "icon phone",
                  },
                  "ref": null,
                  "rendered": null,
                  "type": "span",
                },
                "020 999 8888",
              ],
              "type": "div",
            },
          ],
          "type": "div",
        },
      ],
      "type": "div",
    },
  ],
  Symbol(enzyme.__options__): Object {
    "adapter": ReactSixteenAdapter {
      "options": Object {
        "enableComponentDidUpdateOnSetState": true,
        "lifecycles": Object {
          "componentDidUpdate": Object {
            "onSetState": true,
          },
          "getDerivedStateFromProps": true,
          "getSnapshotBeforeUpdate": true,
          "setState": Object {
            "skipsComponentDidUpdateOnNullish": true,
          },
        },
      },
    },
    "attachTo": undefined,
    "hydrateIn": undefined,
  },
}
`;
